RAM Allocation [bytes]
Variable                                                                          Address   Size
------------------------------------------------------------------------------------------------

EEPROM Allocation [bytes]
Variable                                                                          Address   Size
------------------------------------------------------------------------------------------------

Register Allocation
Variable                                                                          Register  Size
------------------------------------------------------------------------------------------------

FLASH Allocation [words]
Function                                                                          Address   Size
------------------------------------------------------------------------------------------------
nadaC                                                                             0x00045     19
nadaD                                                                             0x00058     19
nadaE                                                                             0x0006B     19
nadaF                                                                             0x0007E     19
nadaA                                                                             0x00091     19
nadaB                                                                             0x000A4     21
main                                                                              0x000B9     47
